test.logtest.logtest.logtest.logtest.logtest.logtest.logtest.logtest.logtest.logtest.logtest.logtest.logtest.logtest.logtest.logtest.logtest.logtest.logtest.logtest.logtest.logtest.logtest.logtest.logtest.logtest.logtest.logtest.logtest.logtest.logtest.logtest.logtest.logtest.logtest.logtest.logtest.logtest.logtest.logtest.logtest.logtest.logtest.logtest.logtest.logtest.logtest.logtest.logtest.logtest.logtest.logtest.logtest.logtest.logtest.logtest.logtest.logtest.logtest.logtest.logtest.logtest.logtest.logtest.logtest.logtest.logtest.logtest.logtest.logtest.logtest.logtest.logtest.logtest.logtest.logtest.logtest.logtest.logtest.logtest.logtest.logtest.logtest.logtest.logtest.logtest.logtest.logtest.logtest.logtest.logtest.logtest.logtest.logtest.logtest.logtest.logtest.logtest.logtest.logtest.logtest.logtest.logtest.logtest.logtest.logtest.logtest.logtest.logtest.logtest.logtest.logtest.logtest.logtest.logtest.logtest.logtest.logtest.logtest.logtest.logtest.logtest.logtest.logtest.logtest.logtest.logtest.logtest.logtest.logtest.logtest.logtest.logtest.logtest.logtest.logtest.logtest.logtest.logtest.logtest.logtest.logtest.logtest.logtest.logtest.logtest.logtest.logtest.logtest.logtest.logtest.logtest.logtest.logtest.logtest.logtest.logtest.logtest.logtest.logtest.logtest.logtest.logtest.logtest.logtest.logtest.logtest.logtest.logtest.logtest.logtest.logtest.logtest.logtest.logtest.logtest.logtest.logtest.logtest.logtest.logtest.logtest.logtest.logtest.logtest.logtest.logtest.logtest.logtest.logtest.logtest.logtest.logtest.logtest.logtest.logtest.logtest.logtest.logtest.logtest.logtest.logtest.logtest.logtest.logtest.logtest.logtest.logtest.logtest.logtest.logtest.logtest.logtest.logtest.logtest.logtest.logtest.logtest.logtest.logtest.logtest.logtest.logtest.logtest.logtest.logtest.logtest.logtest.logtest.logtest.logtest.logtest.logtest.logtest.logtest.logtest.logtest.logtest.logtest.logtest.logtest.logtest.logtest.logtest.logtest.logtest.logtest.logtest.logtest.logtest.logtest.logtest.logtest.logtest.logtest.logtest.logtest.logtest.logtest.logtest.logtest.logtest.logtest.logtest.logtest.logtest.logtest.logtest.logtest.logtest.logtest.logtest.logtest.logtest.logtest.logtest.logtest.logtest.logtest.logtest.logtest.logtest.logtest.logtest.logtest.logtest.logtest.logtest.logtest.logtest.logtest.logtest.logtest.logtest.logtest.logtest.logtest.logtest.logtest.logtest.logtest.logtest.logtest.logtest.logtest.logtest.logtest.logtest.logtest.logtest.logtest.logtest.logtest.logtest.logtest.logtest.logtest.logtest.logtest.logtest.logtest.logtest.logtest.logtest.logtest.logtest.logtest.logtest.logtest.logtest.logtest.logtest.logtest.logtest.logtest.logtest.logtest.logtest.logtest.logtest.logtest.logtest.logtest.logtest.logtest.logtest.logtest.logtest.logtest.logtest.logtest.logtest.logtest.logtest.logtest.logtest.logtest.logtest.logtest.logtest.logtest.logtest.logtest.logtest.logtest.logtest.logtest.logtest.logtest.logtest.logtest.logtest.logtest.logtest.logtest.logtest.logtest.logtest.logtest.logtest.logtest.logtest.logtest.logtest.logtest.logtest.logtest.logtest.logtest.logtest.logtest.logtest.logtest.logtest.logtest.logtest.logtest.logtest.logtest.logtest.logtest.logtest.logtest.logtest.logtest.logtest.logtest.logtest.logtest.logtest.logtest.logtest.logtest.logtest.logtest.logtest.logtest.logtest.logtest.logtest.logtest.logtest.logtest.logtest.logtest.logtest.logtest.logtest.logtest.logtest.logtest.logtest.logtest.logtest.logtest.logtest.logtest.logtest.logtest.logtest.logtest.logtest.logtest.logtest.logtest.logtest.logtest.logtest.logtest.logtest.logtest.logtest.logtest.logtest.logtest.logtest.logtest.logtest.logtest.logtest.logtest.logtest.logtest.logtest.logtest.logtest.logtest.logtest.logtest.logtest.logtest.logtest.logtest.logtest.logtest.logtest.logtest.logtest.logtest.logtest.logtest.logtest.logtest.logtest.logtest.logtest.logtest.logtest.logtest.logtest.logtest.logtest.logtest.logtest.logtest.logtest.logtest.logtest.logtest.logtest.logtest.logtest.logtest.logtest.logtest.logtest.logtest.logtest.logtest.logtest.logtest.logtest.logtest.logtest.logtest.logtest.logtest.logtest.logtest.logtest.logtest.logtest.logtest.logtest.logtest.logtest.logtest.logtest.logtest.logtest.logtest.logtest.logtest.logtest.logtest.logtest.logtest.logtest.logtest.logtest.logtest.logtest.logtest.logtest.logtest.logtest.logtest.logtest.logtest.logtest.logtest.logtest.logtest.logtest.logtest.logtest.logtest.logtest.logtest.logtest.logtest.logtest.logtest.logtest.logtest.logtest.logtest.logtest.logtest.logtest.logtest.logtest.logtest.logtest.logtest.logtest.logtest.logtest.logtest.logtest.logtest.logtest.logtest.logtest.logtest.logtest.logtest.logtest.logtest.logtest.logtest.logtest.logtest.logtest.logtest.logtest.logtest.logtest.logtest.logtest.logtest.logtest.logtest.logtest.logtest.logtest.logtest.logtest.logtest.logtest.logtest.logtest.logtest.logtest.logtest.logtest.logtest.logtest.logtest.logtest.logtest.logtest.logtest.logtest.logtest.logtest.logtest.logtest.logtest.logtest.logtest.logtest.logtest.logtest.logtest.logtest.logtest.logtest.logtest.logtest.logtest.logtest.logtest.logtest.logtest.logtest.logtest.logtest.logtest.logtest.logtest.logtest.logtest.logtest.logtest.logtest.logtest.logtest.logtest.logtest.logtest.logtest.logtest.logtest.logtest.logtest.logtest.logtest.logtest.logtest.logtest.logtest.logtest.logtest.logtest.logtest.logtest.logtest.logtest.logtest.logtest.logtest.logtest.logtest.logtest.logtest.logtest.logtest.logtest.logtest.logtest.logtest.logtest.logtest.logtest.logtest.logtest.logtest.logtest.logtest.logtest.logtest.logtest.logtest.logtest.logtest.logtest.logtest.logtest.logtest.logtest.logtest.logtest.logtest.logtest.logtest.logtest.logtest.logtest.logtest.logtest.logtest.logtest.logtest.logtest.logtest.logtest.logtest.logtest.logtest.logtest.logtest.logtest.logtest.logtest.logtest.logtest.logtest.logtest.logtest.logtest.logtest.logtest.logtest.logtest.logtest.logtest.logtest.logtest.logtest.logtest.logtest.logtest.logtest.logtest.logtest.logtest.logtest.logtest.logtest.logtest.logtest.logtest.logtest.logtest.logtest.logtest.logtest.logtest.logtest.logtest.logtest.logtest.logtest.logtest.logtest.logtest.logtest.logtest.logtest.logtest.logtest.logtest.logtest.logtest.logtest.logtest.logtest.logtest.logtest.logtest.logtest.logtest.logtest.logtest.logtest.logtest.logtest.logtest.logtest.logtest.logtest.logtest.logtest.logtest.logtest.logtest.logtest.logtest.logtest.logtest.logtest.logtest.logtest.logtest.logtest.logtest.logtest.logtest.logtest.logtest.logtest.logtest.logtest.logtest.logtest.logtest.logtest.logtest.logtest.logtest.logtest.logtest.logtest.logtest.logtest.logtest.logtest.logtest.logtest.logtest.logtest.logtest.logtest.logtest.logtest.logtest.logtest.logtest.logtest.logtest.logtest.logtest.logtest.logtest.logtest.logtest.logtest.logtest.logtest.logtest.logtest.logtest.logtest.logtest.logtest.logtest.logtest.logtest.logtest.logtest.logtest.logtest.logtest.logtest.logtest.logtest.logtest.logtest.logtest.logtest.logtest.logtest.logtest.logtest.logtest.logtest.logtest.logtest.logtest.logtest.logtest.logtest.logtest.logtest.logtest.logtest.logtest.logtest.logtest.logtest.logtest.logtest.logtest.logtest.logtest.logtest.logtest.logtest.logtest.logtest.logtest.logtest.logtest.logtest.logtest.logtest.logtest.logtest.logtest.logtest.logtest.logtest.logtest.logtest.logtest.logtest.logtest.logtest.logtest.logtest.logtest.logtest.logtest.logtest.logtest.logtest.logtest.logtest.logtest.logtest.logtest.logtest.logtest.logtest.logtest.logtest.logtest.logtest.logtest.logtest.logtest.logtest.logtest.logtest.logtest.logtest.logtest.logtest.logtest.logtest.logtest.logtest.logtest.logtest.logtest.logtest.logtest.logtest.logtest.logtest.logtest.logtest.logtest.logtest.logtest.logtest.logtest.logtest.logtest.logtest.logtest.logtest.logtest.logtest.logtest.logtest.logtest.logtest.logtest.logtest.logtest.logtest.logtest.logtest.logtest.logtest.logtest.logtest.logtest.logtest.logtest.logtest.logtest.logtest.logtest.logtest.logtest.logtest.logtest.logtest.logtest.logtest.logtest.logtest.logtest.logtest.logtest.logtest.logtest.logtest.logtest.logtest.logtest.logtest.logtest.logtest.logtest.logtest.logtest.logtest.logtest.logtest.logtest.logtest.logtest.logtest.logtest.logtest.logtest.logtest.logtest.logtest.logtest.logtest.logtest.logtest.logtest.logtest.logtest.logtest.logtest.logtest.logtest.logtest.logtest.logtest.logtest.logtest.logtest.logtest.logtest.logtest.logtest.logtest.logtest.logtest.logtest.logtest.logtest.logtest.logtest.logtest.logtest.logtest.logtest.logtest.logtest.logtest.logtest.logtest.logtest.logtest.logtest.logtest.logtest.logtest.logtest.logtest.logtest.logtest.logtest.logtest.logtest.logtest.logtest.logtest.logtest.logtest.logtest.logtest.logtest.logtest.logtest.logtest.logtest.logtest.logtest.logtest.logtest.log test.log
